[config] Loaded YAML: configs/v37_bugfixes_1500R.yaml

######################################################
[diag] Loading exps/v37_bugfixes_1500R/ckpt_000025.pt
######################################################

========== R25  shaping=True  (T×N = 1024×128 = 131072 transitions) ==========
  own-team samples  :   66810  enemy (random) :   64262
  terminals in win :     126  avg_len ≈ 1040 steps
  adv-filter threshold : 0.1080
  kept after filter   :   50107 (75.0% of own)

  reward (all)      n= 131072  mean=-0.00148  std=0.03271  min=-0.0500  max=+1.0000
  return (all)      n= 131072  mean=+0.00352  std=0.03299  min=-0.6547  max=+1.0000
  value (all)       n= 131072  mean=+0.00989  std=0.01623  min=-0.0384  max=+0.2379
  adv (own)         n=  66810  mean=-0.01250  std=0.04205  min=-0.6746  max=+1.0123
  |adv_norm|        n= 131072  mean=+0.32945  std=0.66669  min=+0.0000  max=+24.3701
  term return       n=    126  mean=+0.58255  std=0.47684  min=-0.0284  max=+1.0000
  nonterm ret(own)  n=  66739  mean=-0.00378  std=0.02678  min=-0.6547  max=+0.5442
  fired reward      n=    126  mean=+1.00000  std=0.00000  min=+1.0000  max=+1.0000

  |adv_norm| quantiles on own-team:
    p1=+0.0051  p5=+0.0261  p25=+0.1080  p50=+0.1838  p75=+0.4141  p95=+1.0281  p99=+1.6965
  return quantiles on own-team:
    p1=-0.0619  p5=-0.0403  p25=-0.0091  p50=-0.0016  p75=+0.0025  p95=+0.0236  p99=+0.0389
  value quantiles on own-team:
    p1=-0.0217  p5=-0.0107  p25=+0.0038  p50=+0.0064  p75=+0.0123  p95=+0.0440  p99=+0.0646

  DIAG: |return|(own).mean = 0.01351    return(own).std = 0.04226
  DIAG: raw |adv|(own).mean = 0.01858    adv(own).std = 0.04205
  DIAG: fired rewards: +1=126  -1=0  draw≈0=0  other=0

========== R25  shaping=False  (T×N = 1024×128 = 131072 transitions) ==========
  own-team samples  :   66511  enemy (random) :   64561
  terminals in win :     130  avg_len ≈ 1008 steps
  adv-filter threshold : 0.0795
  kept after filter   :   49883 (75.0% of own)

  reward (all)      n= 131072  mean=+0.00099  std=0.03148  min=+0.0000  max=+1.0000
  return (all)      n= 131072  mean=+0.00444  std=0.03175  min=-0.5355  max=+1.0000
  value (all)       n= 131072  mean=+0.00991  std=0.01648  min=-0.0446  max=+0.1586
  adv (own)         n=  66511  mean=-0.01077  std=0.03981  min=-0.5842  max=+1.0086
  |adv_norm|        n= 131072  mean=+0.28102  std=0.68158  min=+0.0000  max=+25.6069
  term return       n=    130  mean=+0.56570  std=0.47875  min=-0.0230  max=+1.0000
  nonterm ret(own)  n=  66440  mean=-0.00245  std=0.02391  min=-0.5355  max=+0.5448
  fired reward      n=    130  mean=+1.00000  std=0.00000  min=+1.0000  max=+1.0000

  |adv_norm| quantiles on own-team:
    p1=+0.0042  p5=+0.0201  p25=+0.0795  p50=+0.1363  p75=+0.3245  p95=+0.8148  p99=+1.3127
  return quantiles on own-team:
    p1=-0.0415  p5=-0.0279  p25=-0.0061  p50=-0.0016  p75=+0.0002  p95=+0.0223  p99=+0.0357
  value quantiles on own-team:
    p1=-0.0215  p5=-0.0119  p25=+0.0036  p50=+0.0061  p75=+0.0120  p95=+0.0455  p99=+0.0659

  DIAG: |return|(own).mean = 0.01079    return(own).std = 0.04053
  DIAG: raw |adv|(own).mean = 0.01561    adv(own).std = 0.03981
  DIAG: fired rewards: +1=130  -1=0  draw≈0=0  other=0

######################################################
[diag] Loading exps/v37_bugfixes_1500R/ckpt_000050.pt
######################################################

========== R50  shaping=True  (T×N = 1024×128 = 131072 transitions) ==========
  own-team samples  :   67175  enemy (random) :   63897
  terminals in win :      90  avg_len ≈ 1456 steps
  adv-filter threshold : 0.0199
  kept after filter   :   50381 (75.0% of own)

  reward (all)      n= 131072  mean=-0.00157  std=0.02690  min=-0.0500  max=+1.0000
  return (all)      n= 131072  mean=+0.00106  std=0.02731  min=-0.5529  max=+1.0000
  value (all)       n= 131072  mean=+0.00467  std=0.00058  min=+0.0035  max=+0.0065
  adv (own)         n=  67175  mean=-0.00704  std=0.03774  min=-0.5584  max=+0.9947
  |adv_norm|        n= 131072  mean=+0.18557  std=0.70358  min=+0.0000  max=+26.5426
  term return       n=     90  mean=+0.75672  std=0.43010  min=+0.0000  max=+1.0000
  nonterm ret(own)  n=  67104  mean=-0.00334  std=0.02033  min=-0.5529  max=+0.5033
  fired reward      n=     90  mean=+0.91111  std=0.28618  min=+0.0000  max=+1.0000

  |adv_norm| quantiles on own-team:
    p1=+0.0011  p5=+0.0052  p25=+0.0199  p50=+0.0342  p75=+0.1003  p95=+0.8709  p99=+1.4091
  return quantiles on own-team:
    p1=-0.0544  p5=-0.0246  p25=-0.0020  p50=-0.0015  p75=-0.0010  p95=+0.0046  p99=+0.0238
  value quantiles on own-team:
    p1=+0.0037  p5=+0.0038  p25=+0.0042  p50=+0.0046  p75=+0.0052  p95=+0.0058  p99=+0.0060

  DIAG: |return|(own).mean = 0.00749    return(own).std = 0.03783
  DIAG: raw |adv|(own).mean = 0.01124    adv(own).std = 0.03774
  DIAG: fired rewards: +1=82  -1=0  draw≈0=8  other=0

========== R50  shaping=False  (T×N = 1024×128 = 131072 transitions) ==========
  own-team samples  :   66895  enemy (random) :   64177
  terminals in win :     101  avg_len ≈ 1298 steps
  adv-filter threshold : 0.0349
  kept after filter   :   50171 (75.0% of own)

  reward (all)      n= 131072  mean=+0.00066  std=0.02576  min=+0.0000  max=+1.0000
  return (all)      n= 131072  mean=+0.00248  std=0.02612  min=-0.5030  max=+1.0000
  value (all)       n= 131072  mean=+0.00469  std=0.00352  min=+0.0036  max=+0.3429
  adv (own)         n=  66895  mean=-0.00432  std=0.03605  min=-0.5084  max=+0.9948
  |adv_norm|        n= 131072  mean=+0.10909  std=0.71098  min=+0.0000  max=+27.7170
  term return       n=    101  mean=+0.69447  std=0.46141  min=+0.0000  max=+1.0000
  nonterm ret(own)  n=  66819  mean=-0.00067  std=0.01603  min=-0.5030  max=+0.5031
  fired reward      n=    101  mean=+0.86139  std=0.34727  min=+0.0000  max=+1.0000

  |adv_norm| quantiles on own-team:
    p1=+0.0167  p5=+0.0210  p25=+0.0349  p50=+0.0455  p75=+0.0576  p95=+0.1104  p99=+0.1349
  return quantiles on own-team:
    p1=-0.0042  p5=-0.0024  p25=-0.0016  p50=-0.0014  p75=-0.0012  p95=+0.0026  p99=+0.0030
  value quantiles on own-team:
    p1=+0.0037  p5=+0.0038  p25=+0.0042  p50=+0.0046  p75=+0.0051  p95=+0.0058  p99=+0.0060

  DIAG: |return|(own).mean = 0.00341    return(own).std = 0.03610
  DIAG: raw |adv|(own).mean = 0.00759    adv(own).std = 0.03605
  DIAG: fired rewards: +1=87  -1=0  draw≈0=14  other=0

######################################################
[diag] Loading exps/v37_bugfixes_1500R/ckpt_000100.pt
######################################################

========== R100  shaping=True  (T×N = 1024×128 = 131072 transitions) ==========
  own-team samples  :   66484  enemy (random) :   64588
  terminals in win :      95  avg_len ≈ 1380 steps
  adv-filter threshold : 0.0430
  kept after filter   :   49863 (75.0% of own)

  reward (all)      n= 131072  mean=-0.00120  std=0.02806  min=-0.0500  max=+1.0000
  return (all)      n= 131072  mean=+0.00074  std=0.02268  min=-0.5500  max=+1.0000
  value (all)       n= 131072  mean=-0.00015  std=0.00021  min=-0.0006  max=+0.0006
  adv (own)         n=  66484  mean=+0.00176  std=0.03182  min=-0.5500  max=+1.0000
  |adv_norm|        n= 131072  mean=+0.11222  std=0.70438  min=+0.0000  max=+31.3741
  term return       n=     95  mean=+0.47377  std=0.50188  min=+0.0000  max=+1.0000
  nonterm ret(own)  n=  66438  mean=+0.00093  std=0.01838  min=-0.5500  max=+0.5003
  fired reward      n=     95  mean=+0.96842  std=0.17580  min=+0.0000  max=+1.0000

  |adv_norm| quantiles on own-team:
    p1=+0.0046  p5=+0.0228  p25=+0.0430  p50=+0.0539  p75=+0.0578  p95=+0.7373  p99=+1.6190
  return quantiles on own-team:
    p1=-0.0499  p5=-0.0029  p25=-0.0000  p50=+0.0001  p75=+0.0003  p95=+0.0130  p99=+0.0256
  value quantiles on own-team:
    p1=-0.0005  p5=-0.0005  p25=-0.0003  p50=+0.0000  p75=+0.0000  p95=+0.0000  p99=+0.0003

  DIAG: |return|(own).mean = 0.00440    return(own).std = 0.03182
  DIAG: raw |adv|(own).mean = 0.00453    adv(own).std = 0.03182
  DIAG: fired rewards: +1=92  -1=0  draw≈0=3  other=0

========== R100  shaping=False  (T×N = 1024×128 = 131072 transitions) ==========
  own-team samples  :   67063  enemy (random) :   64009
  terminals in win :      95  avg_len ≈ 1380 steps
  adv-filter threshold : 0.0303
  kept after filter   :   50297 (75.0% of own)

  reward (all)      n= 131072  mean=+0.00072  std=0.02691  min=+0.0000  max=+1.0000
  return (all)      n= 131072  mean=+0.00057  std=0.02423  min=-0.5001  max=+1.0000
  value (all)       n= 131072  mean=-0.00015  std=0.00021  min=-0.0006  max=+0.0006
  adv (own)         n=  67063  mean=+0.00141  std=0.03385  min=-0.5004  max=+1.0000
  |adv_norm|        n= 131072  mean=+0.06320  std=0.71309  min=+0.0001  max=+29.5020
  term return       n=     95  mean=+0.63165  std=0.48484  min=+0.0000  max=+1.0000
  nonterm ret(own)  n=  67003  mean=+0.00037  std=0.01592  min=-0.5001  max=+0.5003
  fired reward      n=     95  mean=+1.00000  std=0.00000  min=+1.0000  max=+1.0000

  |adv_norm| quantiles on own-team:
    p1=+0.0192  p5=+0.0215  p25=+0.0303  p50=+0.0369  p75=+0.0417  p95=+0.0471  p99=+0.0560
  return quantiles on own-team:
    p1=-0.0002  p5=-0.0001  p25=-0.0000  p50=+0.0000  p75=+0.0001  p95=+0.0002  p99=+0.0003
  value quantiles on own-team:
    p1=-0.0005  p5=-0.0005  p25=-0.0003  p50=+0.0000  p75=+0.0000  p95=+0.0000  p99=+0.0003

  DIAG: |return|(own).mean = 0.00172    return(own).std = 0.03386
  DIAG: raw |adv|(own).mean = 0.00188    adv(own).std = 0.03385
  DIAG: fired rewards: +1=95  -1=0  draw≈0=0  other=0

######################################################
[diag] Loading exps/v37_bugfixes_1500R/ckpt_000200.pt
######################################################

========== R200  shaping=True  (T×N = 1024×128 = 131072 transitions) ==========
  own-team samples  :   67472  enemy (random) :   63600
  terminals in win :      23  avg_len ≈ 5699 steps
  adv-filter threshold : 0.0790
  kept after filter   :   50604 (75.0% of own)

  reward (all)      n= 131072  mean=-0.00122  std=0.01515  min=-0.0500  max=+1.0000
  return (all)      n= 131072  mean=+0.00182  std=0.01480  min=-0.5014  max=+1.0000
  value (all)       n= 131072  mean=+0.00286  std=0.00067  min=-0.0016  max=+0.0579
  adv (own)         n=  67472  mean=-0.00201  std=0.02061  min=-0.5042  max=+1.0004
  |adv_norm|        n= 131072  mean=+0.14169  std=0.70660  min=+0.0000  max=+48.6368
  term return       n=     23  mean=+0.86969  std=0.34403  min=+0.0000  max=+1.0000
  nonterm ret(own)  n=  67451  mean=+0.00052  std=0.01130  min=-0.5014  max=+0.5017
  fired reward      n=     23  mean=+0.95652  std=0.20851  min=+0.0000  max=+1.0000

  |adv_norm| quantiles on own-team:
    p1=+0.0050  p5=+0.0230  p25=+0.0790  p50=+0.0902  p75=+0.1019  p95=+0.7413  p99=+1.2158
  return quantiles on own-team:
    p1=-0.0135  p5=-0.0013  p25=-0.0010  p50=-0.0009  p75=-0.0005  p95=+0.0091  p99=+0.0242
  value quantiles on own-team:
    p1=-0.0005  p5=+0.0025  p25=+0.0028  p50=+0.0029  p75=+0.0030  p95=+0.0032  p99=+0.0033

  DIAG: |return|(own).mean = 0.00315    return(own).std = 0.02058
  DIAG: raw |adv|(own).mean = 0.00523    adv(own).std = 0.02061
  DIAG: fired rewards: +1=22  -1=0  draw≈0=1  other=0

========== R200  shaping=False  (T×N = 1024×128 = 131072 transitions) ==========
  own-team samples  :   66153  enemy (random) :   64919
  terminals in win :      25  avg_len ≈ 5243 steps
  adv-filter threshold : 0.0215
  kept after filter   :   49615 (75.0% of own)

  reward (all)      n= 131072  mean=+0.00017  std=0.01295  min=+0.0000  max=+1.0000
  return (all)      n= 131072  mean=+0.00119  std=0.01346  min=-0.5008  max=+1.0000
  value (all)       n= 131072  mean=+0.00286  std=0.00078  min=-0.0017  max=+0.1983
  adv (own)         n=  66153  mean=-0.00330  std=0.01883  min=-0.5038  max=+1.0008
  |adv_norm|        n= 131072  mean=+0.11809  std=0.71130  min=+0.0000  max=+53.3113
  term return       n=     25  mean=+0.72069  std=0.45713  min=+0.0000  max=+1.0000
  nonterm ret(own)  n=  66135  mean=-0.00074  std=0.00900  min=-0.5008  max=+0.5017
  fired reward      n=     25  mean=+0.88000  std=0.33166  min=+0.0000  max=+1.0000

  |adv_norm| quantiles on own-team:
    p1=+0.0036  p5=+0.0114  p25=+0.0215  p50=+0.0302  p75=+0.0387  p95=+0.0883  p99=+0.2357
  return quantiles on own-team:
    p1=-0.0020  p5=-0.0011  p25=-0.0010  p50=-0.0010  p75=-0.0009  p95=-0.0004  p99=+0.0013
  value quantiles on own-team:
    p1=-0.0004  p5=+0.0026  p25=+0.0028  p50=+0.0029  p75=+0.0030  p95=+0.0032  p99=+0.0032

  DIAG: |return|(own).mean = 0.00148    return(own).std = 0.01880
  DIAG: raw |adv|(own).mean = 0.00424    adv(own).std = 0.01883
  DIAG: fired rewards: +1=22  -1=0  draw≈0=3  other=0

######################################################
[diag] Loading exps/v37_bugfixes_1500R/ckpt_000400.pt
######################################################

========== R400  shaping=True  (T×N = 1024×128 = 131072 transitions) ==========
  own-team samples  :   67436  enemy (random) :   63636
  terminals in win :      99  avg_len ≈ 1324 steps
  adv-filter threshold : 0.0228
  kept after filter   :   50577 (75.0% of own)

  reward (all)      n= 131072  mean=-0.00109  std=0.02866  min=-0.0500  max=+1.0000
  return (all)      n= 131072  mean=+0.00081  std=0.02812  min=-0.5504  max=+1.0000
  value (all)       n= 131072  mean=+0.00094  std=0.00012  min=+0.0005  max=+0.0015
  adv (own)         n=  67436  mean=-0.00025  std=0.03920  min=-0.5512  max=+0.9993
  |adv_norm|        n= 131072  mean=+0.08028  std=0.71279  min=+0.0000  max=+25.4983
  term return       n=     99  mean=+0.77799  std=0.41746  min=+0.0000  max=+1.0000
  nonterm ret(own)  n=  67358  mean=-0.00047  std=0.01989  min=-0.5504  max=+0.5006
  fired reward      n=     99  mean=+0.97980  std=0.14141  min=+0.0000  max=+1.0000

  |adv_norm| quantiles on own-team:
    p1=+0.0005  p5=+0.0042  p25=+0.0228  p50=+0.0263  p75=+0.0330  p95=+0.6120  p99=+1.3070
  return quantiles on own-team:
    p1=-0.0504  p5=-0.0128  p25=-0.0004  p50=-0.0003  p75=-0.0001  p95=+0.0096  p99=+0.0248
  value quantiles on own-team:
    p1=+0.0007  p5=+0.0007  p25=+0.0009  p50=+0.0009  p75=+0.0010  p95=+0.0012  p99=+0.0012

  DIAG: |return|(own).mean = 0.00545    return(own).std = 0.03920
  DIAG: raw |adv|(own).mean = 0.00607    adv(own).std = 0.03920
  DIAG: fired rewards: +1=97  -1=0  draw≈0=2  other=0

========== R400  shaping=False  (T×N = 1024×128 = 131072 transitions) ==========
  own-team samples  :   66925  enemy (random) :   64147
  terminals in win :      95  avg_len ≈ 1380 steps
  adv-filter threshold : 0.0406
  kept after filter   :   50194 (75.0% of own)

  reward (all)      n= 131072  mean=+0.00069  std=0.02634  min=+0.0000  max=+1.0000
  return (all)      n= 131072  mean=+0.00110  std=0.02578  min=-0.5006  max=+1.0000
  value (all)       n= 131072  mean=+0.00094  std=0.00012  min=+0.0006  max=+0.0015
  adv (own)         n=  66925  mean=+0.00031  std=0.03608  min=-0.5015  max=+0.9993
  |adv_norm|        n= 131072  mean=+0.05096  std=0.71276  min=+0.0001  max=+27.6896
  term return       n=     95  mean=+0.72657  std=0.44780  min=+0.0000  max=+1.0000
  nonterm ret(own)  n=  66854  mean=+0.00020  std=0.01651  min=-0.5006  max=+0.5007
  fired reward      n=     95  mean=+0.95789  std=0.20189  min=+0.0000  max=+1.0000

  |adv_norm| quantiles on own-team:
    p1=+0.0146  p5=+0.0206  p25=+0.0406  p50=+0.0435  p75=+0.0452  p95=+0.0503  p99=+0.0568
  return quantiles on own-team:
    p1=-0.0007  p5=-0.0005  p25=-0.0004  p50=-0.0003  p75=-0.0003  p95=+0.0004  p99=+0.0006
  value quantiles on own-team:
    p1=+0.0007  p5=+0.0007  p25=+0.0009  p50=+0.0009  p75=+0.0009  p95=+0.0012  p99=+0.0012

  DIAG: |return|(own).mean = 0.00215    return(own).std = 0.03608
  DIAG: raw |adv|(own).mean = 0.00299    adv(own).std = 0.03608
  DIAG: fired rewards: +1=91  -1=0  draw≈0=4  other=0

######################################################
[diag] Loading exps/v37_bugfixes_1500R/ckpt_000700.pt
######################################################

========== R700  shaping=True  (T×N = 1024×128 = 131072 transitions) ==========
  own-team samples  :   68201  enemy (random) :   62871
  terminals in win :     112  avg_len ≈ 1170 steps
  adv-filter threshold : 0.0418
  kept after filter   :   51151 (75.0% of own)

  reward (all)      n= 131072  mean=-0.00150  std=0.02952  min=-0.0500  max=+1.0000
  return (all)      n= 131072  mean=-0.00112  std=0.02493  min=-0.5498  max=+1.0000
  value (all)       n= 131072  mean=-0.00050  std=0.00026  min=-0.0041  max=+0.0002
  adv (own)         n=  68201  mean=-0.00119  std=0.03456  min=-0.5495  max=+1.0012
  |adv_norm|        n= 131072  mean=+0.12240  std=0.71127  min=+0.0000  max=+29.0037
  term return       n=    112  mean=+0.49081  std=0.50243  min=-0.0013  max=+1.0000
  nonterm ret(own)  n=  68142  mean=-0.00250  std=0.01961  min=-0.5498  max=+0.4999
  fired reward      n=    112  mean=+0.90179  std=0.29894  min=+0.0000  max=+1.0000

  |adv_norm| quantiles on own-team:
    p1=+0.0144  p5=+0.0323  p25=+0.0418  p50=+0.0538  p75=+0.0703  p95=+0.9668  p99=+1.4868
  return quantiles on own-team:
    p1=-0.0511  p5=-0.0250  p25=-0.0006  p50=+0.0001  p75=+0.0003  p95=+0.0063  p99=+0.0252
  value quantiles on own-team:
    p1=-0.0012  p5=-0.0010  p25=-0.0007  p50=-0.0005  p75=-0.0003  p95=-0.0002  p99=+0.0000

  DIAG: |return|(own).mean = 0.00613    return(own).std = 0.03455
  DIAG: raw |adv|(own).mean = 0.00627    adv(own).std = 0.03456
  DIAG: fired rewards: +1=101  -1=0  draw≈0=11  other=0

========== R700  shaping=False  (T×N = 1024×128 = 131072 transitions) ==========
  own-team samples  :   70014  enemy (random) :   61058
  terminals in win :     102  avg_len ≈ 1285 steps
  adv-filter threshold : 0.0244
  kept after filter   :   52510 (75.0% of own)

  reward (all)      n= 131072  mean=+0.00075  std=0.02733  min=+0.0000  max=+1.0000
  return (all)      n= 131072  mean=+0.00036  std=0.02382  min=-0.4999  max=+1.0000
  value (all)       n= 131072  mean=-0.00049  std=0.00026  min=-0.0041  max=+0.0002
  adv (own)         n=  70014  mean=+0.00161  std=0.03257  min=-0.4998  max=+1.0014
  |adv_norm|        n= 131072  mean=+0.06501  std=0.72874  min=+0.0000  max=+30.6968
  term return       n=    102  mean=+0.57817  std=0.49655  min=-0.0012  max=+1.0000
  nonterm ret(own)  n=  69952  mean=+0.00028  std=0.01480  min=-0.4999  max=+0.4999
  fired reward      n=    102  mean=+0.96078  std=0.19507  min=+0.0000  max=+1.0000

  |adv_norm| quantiles on own-team:
    p1=+0.0054  p5=+0.0133  p25=+0.0244  p50=+0.0321  p75=+0.0407  p95=+0.0493  p99=+0.0554
  return quantiles on own-team:
    p1=-0.0010  p5=-0.0005  p25=-0.0000  p50=+0.0001  p75=+0.0002  p95=+0.0005  p99=+0.0007
  value quantiles on own-team:
    p1=-0.0012  p5=-0.0010  p25=-0.0007  p50=-0.0004  p75=-0.0003  p95=-0.0002  p99=+0.0000

  DIAG: |return|(own).mean = 0.00174    return(own).std = 0.03257
  DIAG: raw |adv|(own).mean = 0.00208    adv(own).std = 0.03257
  DIAG: fired rewards: +1=98  -1=0  draw≈0=4  other=0
